npm warn Unknown env config "manage-package-manager-versions". This will stop working in the next major version of npm. See `npm help npmrc` for supported config options.
21:33:42 [content] Syncing content
21:33:42 [content] Synced content
21:33:42 [types] Generated 677ms
21:33:42 [build] output: "static"
21:33:42 [build] mode: "static"
21:33:42 [build] directory: /home/lrxin/文档/AstroChamiBlog/dist/
21:33:42 [build] Collecting build info...
21:33:42 [build] ✓ Completed in 728ms.
21:33:42 [build] Building static entrypoints...
21:33:44 [vite] ✓ built in 2.35s
21:33:45 [vite] ✓ built in 505ms
21:33:45 [build] Rearranging server assets...

 generating static routes 
albums is not defined
  Location:
    /home/lrxin/文档/AstroChamiBlog/node_modules/astro/dist/core/render/route-cache.js:29:27
  Stack trace:
    at Module.getStaticPaths (file:///home/lrxin/%E6%96%87%E6%A1%A3/AstroChamiBlog/dist/.prerender/chunks/_album__DAPXIinU.mjs:17:2)
    at #getPathsForRoute (file:///home/lrxin/%E6%96%87%E6%A1%A3/AstroChamiBlog/node_modules/astro/dist/runtime/prerender/static-paths.js:54:31)
    at async generatePages (file:///home/lrxin/%E6%96%87%E6%A1%A3/AstroChamiBlog/node_modules/astro/dist/core/build/generate.js:102:29)
    at async Object.buildApp (file:///home/lrxin/%E6%96%87%E6%A1%A3/AstroChamiBlog/node_modules/vite/dist/node/chunks/node.js:34144:5)
    at async viteBuild (file:///home/lrxin/%E6%96%87%E6%A1%A3/AstroChamiBlog/node_modules/astro/dist/core/build/static-build.js:68:3)
